// Jest Snapshot v1, https://goo.gl/fbAQLP

exports[`1- default 1`] = `
<div
  className="setting-sections"
>
  <div
    className="setting-section"
  >
    <div
      className="title"
    >
      Status
       
      <span
        className="project-status status-on"
      >
        On
      </span>
    </div>
    <div
      className="description"
    >
      Control status of this project.
    </div>
    <button
      className="btn btn-outline-primary btn-sm"
      disabled={false}
      onClick={[Function]}
      type="button"
    >
      Change
    </button>
  </div>
  <div
    className="setting-section"
  >
    <div
      className="title"
    >
      Delete this project
    </div>
    <div
      className="description"
    >
      This action might not be undone. Please be certain.
    </div>
    <button
      className="btn btn-outline-danger btn-sm"
      disabled={false}
      onClick={[Function]}
      type="button"
    >
      Delete
    </button>
  </div>
</div>
`;
