// Jest Snapshot v1, https://goo.gl/fbAQLP

exports[`1- render 1`] = `
<div
  id="upload-zone"
>
  <div
    id="upload-zone-layer"
  />
  <div
    id="upload-zone-content"
  >
    <svg
      viewBox="0 0 512 512"
      xmlns="http://www.w3.org/2000/svg"
    >
      <path
        d="M416 199.5h-91.4V64H187.4v135.5H96l160 158.1 160-158.1zM96 402.8V448h320v-45.2H96z"
      />
    </svg>
     
    Drag and drop files or folders here to upload
  </div>
</div>
`;
